TAP version 13
# Subtest: REL-OBS-001: deterministic closure retains dependency order
ok 1 - REL-OBS-001: deterministic closure retains dependency order
  ---
  duration_ms: 2.4483
  type: 'test'
  ...
# Subtest: REL-OBS-002: unresolved identities and missing dependencies fail
ok 2 - REL-OBS-002: unresolved identities and missing dependencies fail
  ---
  duration_ms: 0.4742
  type: 'test'
  ...
# Subtest: REL-OBS-003: cycles and duplicate module identities fail
ok 3 - REL-OBS-003: cycles and duplicate module identities fail
  ---
  duration_ms: 0.2131
  type: 'test'
  ...
# Subtest: REL-OBS-004: action, state, risk, authority and recovery routes join request
ok 4 - REL-OBS-004: action, state, risk, authority and recovery routes join request
  ---
  duration_ms: 0.5894
  type: 'test'
  ...
# Subtest: REL-OBS-005: known informational route stays small
ok 5 - REL-OBS-005: known informational route stays small
  ---
  duration_ms: 1.2074
  type: 'test'
  ...
# Subtest: REL-OBS-006: unknown material classification expands and stays unresolved
ok 6 - REL-OBS-006: unknown material classification expands and stays unresolved
  ---
  duration_ms: 0.261
  type: 'test'
  ...
# Subtest: REL-OBS-007: unknown selectors and malformed facets fail
ok 7 - REL-OBS-007: unknown selectors and malformed facets fail
  ---
  duration_ms: 0.4532
  type: 'test'
  ...
# Subtest: REL-OBS-008: context assembly is deterministic and deduplicates identities
ok 8 - REL-OBS-008: context assembly is deterministic and deduplicates identities
  ---
  duration_ms: 9.8499
  type: 'test'
  ...
# Subtest: REL-OBS-009: conflicting governing content is rejected
ok 9 - REL-OBS-009: conflicting governing content is rejected
  ---
  duration_ms: 0.515
  type: 'test'
  ...
# Subtest: REL-OBS-010: guard truth, falsehood and uncertainty remain distinct
ok 10 - REL-OBS-010: guard truth, falsehood and uncertainty remain distinct
  ---
  duration_ms: 0.4734
  type: 'test'
  ...
# Subtest: REL-OBS-011: malformed or empty guards are rejected
ok 11 - REL-OBS-011: malformed or empty guards are rejected
  ---
  duration_ms: 0.2658
  type: 'test'
  ...
# Subtest: REL-OBS-012: user confirmation cannot skip actual access observation
ok 12 - REL-OBS-012: user confirmation cannot skip actual access observation
  ---
  duration_ms: 0.2646
  type: 'test'
  ...
# Subtest: REL-OBS-013: readiness transition needs all applicable facts
ok 13 - REL-OBS-013: readiness transition needs all applicable facts
  ---
  duration_ms: 0.2772
  type: 'test'
  ...
# Subtest: REL-OBS-014: recovery requires a fresh observation, not old success
ok 14 - REL-OBS-014: recovery requires a fresh observation, not old success
  ---
  duration_ms: 0.1056
  type: 'test'
  ...
# Subtest: REL-OBS-015: undefined and ambiguous transitions fail
ok 15 - REL-OBS-015: undefined and ambiguous transitions fail
  ---
  duration_ms: 0.1316
  type: 'test'
  ...
# Subtest: REL-OBS-016: invalidation follows only transitive dependent evidence
ok 16 - REL-OBS-016: invalidation follows only transitive dependent evidence
  ---
  duration_ms: 0.2417
  type: 'test'
  ...
# Subtest: REL-OBS-017: reuse cannot cross project, runtime or changed dependencies
ok 17 - REL-OBS-017: reuse cannot cross project, runtime or changed dependencies
  ---
  duration_ms: 0.1603
  type: 'test'
  ...
# Subtest: REL-OBS-018: stale and unobserved checkpoints cannot establish reuse
ok 18 - REL-OBS-018: stale and unobserved checkpoints cannot establish reuse
  ---
  duration_ms: 0.0912
  type: 'test'
  ...
# Subtest: REL-OBS-019: access is tied to the expected runtime credential and adapter
ok 19 - REL-OBS-019: access is tied to the expected runtime credential and adapter
  ---
  duration_ms: 0.1598
  type: 'test'
  ...
# Subtest: REL-OBS-020: read-only or anonymous success cannot prove read/write readiness
ok 20 - REL-OBS-020: read-only or anonymous success cannot prove read/write readiness
  ---
  duration_ms: 0.0716
  type: 'test'
  ...
# Subtest: REL-OBS-021: private visibility is not an access readiness predicate
ok 21 - REL-OBS-021: private visibility is not an access readiness predicate
  ---
  duration_ms: 0.0545
  type: 'test'
  ...
# Subtest: REL-OBS-022: successful final check cannot conceal an earlier failure
ok 22 - REL-OBS-022: successful final check cannot conceal an earlier failure
  ---
  duration_ms: 0.1068
  type: 'test'
  ...
# Subtest: REL-OBS-023: candidates, missing coverage and unperformed checks block readiness
ok 23 - REL-OBS-023: candidates, missing coverage and unperformed checks block readiness
  ---
  duration_ms: 0.0726
  type: 'test'
  ...
# Subtest: REL-OBS-024: measured efficiency regression requires a justified authorized disposition
ok 24 - REL-OBS-024: measured efficiency regression requires a justified authorized disposition
  ---
  duration_ms: 0.0536
  type: 'test'
  ...
# Subtest: REL-OBS-025: candidate catalog never advertises complete production coverage
ok 25 - REL-OBS-025: candidate catalog never advertises complete production coverage
  ---
  duration_ms: 0.0497
  type: 'test'
  ...
# Subtest: REL-OBS-026: producer profile validates the access contract and rejects omissions
ok 26 - REL-OBS-026: producer profile validates the access contract and rejects omissions
  ---
  duration_ms: 2.8205
  type: 'test'
  ...
# Subtest: REL-OBS-027: profile refuses unsupported schema features instead of silently passing
ok 27 - REL-OBS-027: profile refuses unsupported schema features instead of silently passing
  ---
  duration_ms: 0.1657
  type: 'test'
  ...
# Subtest: REL-OBS-028: candidate entry cannot be selected as an installable release
ok 28 - REL-OBS-028: candidate entry cannot be selected as an installable release
  ---
  duration_ms: 0.4123
  type: 'test'
  ...
# Subtest: REL-OBS-029: inherited values cannot establish observed guard facts
ok 29 - REL-OBS-029: inherited values cannot establish observed guard facts
  ---
  duration_ms: 0.0869
  type: 'test'
  ...
# Subtest: REL-OBS-030: malformed module metadata and duplicate states are rejected
ok 30 - REL-OBS-030: malformed module metadata and duplicate states are rejected
  ---
  duration_ms: 0.2526
  type: 'test'
  ...
# Subtest: REL-PKG-001: all source spans reconstructed exactly with no omissions or overlap
ok 31 - REL-PKG-001: all source spans reconstructed exactly with no omissions or overlap
  ---
  duration_ms: 21.8359
  type: 'test'
  ...
# Subtest: REL-PKG-002: every module contract satisfies the restricted versioned schema profile
ok 32 - REL-PKG-002: every module contract satisfies the restricted versioned schema profile
  ---
  duration_ms: 13.0644
  type: 'test'
  ...
# Subtest: REL-PKG-003: entry and all route/detail/procedure references resolve locally
ok 33 - REL-PKG-003: entry and all route/detail/procedure references resolve locally
  ---
  duration_ms: 11.4341
  type: 'test'
  ...
# Subtest: REL-PKG-004: complete graph is acyclic and selection order is deterministic
ok 34 - REL-PKG-004: complete graph is acyclic and selection order is deterministic
  ---
  duration_ms: 0.7918
  type: 'test'
  ...
# Subtest: REL-PKG-005: ordinary G0 uses initial closure without provisioning or managed-work modules
ok 35 - REL-PKG-005: ordinary G0 uses initial closure without provisioning or managed-work modules
  ---
  duration_ms: 0.2793
  type: 'test'
  ...
# Subtest: REL-PKG-006: actual effect, risk, authority and recovery facets expand request routing by union
ok 36 - REL-PKG-006: actual effect, risk, authority and recovery facets expand request routing by union
  ---
  duration_ms: 0.2799
  type: 'test'
  ...
# Subtest: REL-PKG-007: unknown material scope uses conservative consumer closure and remains unresolved
ok 37 - REL-PKG-007: unknown material scope uses conservative consumer closure and remains unresolved
  ---
  duration_ms: 0.2015
  type: 'test'
  ...
# Subtest: REL-PKG-008: unknown selectors and missing dependencies fail instead of under-routing
ok 38 - REL-PKG-008: unknown selectors and missing dependencies fail instead of under-routing
  ---
  duration_ms: 0.9701
  type: 'test'
  ...
# Subtest: REL-PKG-009: cache avoids duplicate file reads for unchanged applicable context
ok 39 - REL-PKG-009: cache avoids duplicate file reads for unchanged applicable context
  ---
  duration_ms: 11.1883
  type: 'test'
  ...
# Subtest: REL-PKG-010: expansion reads only newly required modules and deduplicates contracts
ok 40 - REL-PKG-010: expansion reads only newly required modules and deduplicates contracts
  ---
  duration_ms: 3.833
  type: 'test'
  ...
# Subtest: REL-PKG-011: context loss reloads current closure rather than treating history as active context
ok 41 - REL-PKG-011: context loss reloads current closure rather than treating history as active context
  ---
  duration_ms: 3.0329
  type: 'test'
  ...
# Subtest: REL-PKG-012: module retirement prevents a monotonically growing working set
ok 42 - REL-PKG-012: module retirement prevents a monotonically growing working set
  ---
  duration_ms: 3.3398
  type: 'test'
  ...
# Subtest: REL-PKG-013: full install contains all BOOT rows and mandatory dependent governance
ok 43 - REL-PKG-013: full install contains all BOOT rows and mandatory dependent governance
  ---
  duration_ms: 0.5053
  type: 'test'
  ...
# Subtest: REL-PKG-014: positive, negative and unknown BOOT observations have distinct guard outcomes
ok 44 - REL-PKG-014: positive, negative and unknown BOOT observations have distinct guard outcomes
  ---
  duration_ms: 0.3681
  type: 'test'
  ...
# Subtest: REL-PKG-015: user confirmation and command exit alone cannot satisfy access/control/readiness guards
ok 45 - REL-PKG-015: user confirmation and command exit alone cannot satisfy access/control/readiness guards
  ---
  duration_ms: 0.1286
  type: 'test'
  ...
# Subtest: REL-PKG-016: operations readiness verifies scoped runtime credential and both permissions, not visibility
ok 46 - REL-PKG-016: operations readiness verifies scoped runtime credential and both permissions, not visibility
  ---
  duration_ms: 0.2012
  type: 'test'
  ...
# Subtest: REL-PKG-017: source preserves provider uncertainty, manual enrollment and independent signing boundaries
ok 47 - REL-PKG-017: source preserves provider uncertainty, manual enrollment and independent signing boundaries
  ---
  duration_ms: 0.6164
  type: 'test'
  ...
# Subtest: REL-PKG-018: migration and destination routes contain ownership/compatibility/source-target safeguards
ok 48 - REL-PKG-018: migration and destination routes contain ownership/compatibility/source-target safeguards
  ---
  duration_ms: 0.3563
  type: 'test'
  ...
# Subtest: REL-PKG-019: bootstrap guard/transition identifiers and dependency order are unambiguous
ok 49 - REL-PKG-019: bootstrap guard/transition identifiers and dependency order are unambiguous
  ---
  duration_ms: 0.2951
  type: 'test'
  ...
# Subtest: REL-PKG-020: partial effects and concrete waiting conditions are required on recovery branches
ok 50 - REL-PKG-020: partial effects and concrete waiting conditions are required on recovery branches
  ---
  duration_ms: 0.124
  type: 'test'
  ...
# Subtest: REL-PKG-021: changing an adapter invalidates only dependent proofs
ok 51 - REL-PKG-021: changing an adapter invalidates only dependent proofs
  ---
  duration_ms: 0.1391
  type: 'test'
  ...
# Subtest: REL-PKG-022: runtime/project adoption evidence is not reusable across ownership boundaries
ok 52 - REL-PKG-022: runtime/project adoption evidence is not reusable across ownership boundaries
  ---
  duration_ms: 0.1266
  type: 'test'
  ...
# Subtest: REL-PKG-023: producer module is excluded from ordinary/full-install/recovery/consumer-update routes
ok 53 - REL-PKG-023: producer module is excluded from ordinary/full-install/recovery/consumer-update routes
  ---
  duration_ms: 0.1786
  type: 'test'
  ...
# Subtest: REL-PKG-024: compatibility descriptor is explicit and generated-only changes do not claim organization transformation
ok 54 - REL-PKG-024: compatibility descriptor is explicit and generated-only changes do not claim organization transformation
  ---
  duration_ms: 0.0811
  type: 'test'
  ...
# Subtest: REL-PKG-025: no consumer procedure schedules maintainer execution or OOP audit operations
ok 55 - REL-PKG-025: no consumer procedure schedules maintainer execution or OOP audit operations
  ---
  duration_ms: 0.2577
  type: 'test'
  ...
1..55
# tests 55
# suites 0
# pass 55
# fail 0
# cancelled 0
# skipped 0
# todo 0
# duration_ms 230.7776
